Job ID:     9491650
Node:       node3001
GPU:        0
Start time: Fri Feb 20 20:32:46 EST 2026

============================================================
 Teacher T[256]  →  Student S[32]
============================================================

-- Training teacher T[256] --
  [T[256]] epoch 01/10  loss=0.3293  acc=0.9499
  [T[256]] epoch 02/10  loss=0.1385  acc=0.9660
  [T[256]] epoch 03/10  loss=0.0914  acc=0.9715
  [T[256]] epoch 04/10  loss=0.0684  acc=0.9768
  [T[256]] epoch 05/10  loss=0.0520  acc=0.9780
  [T[256]] epoch 06/10  loss=0.0421  acc=0.9776
  [T[256]] epoch 07/10  loss=0.0327  acc=0.9782
  [T[256]] epoch 08/10  loss=0.0259  acc=0.9797
  [T[256]] epoch 09/10  loss=0.0206  acc=0.9802
  [T[256]] epoch 10/10  loss=0.0174  acc=0.9804
  Teacher final acc: 0.9804  (203,530 params)

-- Training baseline student S[32] (no distillation) --
  [S[32]-base] epoch 01/10  loss=0.4857  acc=0.9200
  [S[32]-base] epoch 02/10  loss=0.2568  acc=0.9348
  [S[32]-base] epoch 03/10  loss=0.2088  acc=0.9451
  [S[32]-base] epoch 04/10  loss=0.1780  acc=0.9498
  [S[32]-base] epoch 05/10  loss=0.1545  acc=0.9548
  [S[32]-base] epoch 06/10  loss=0.1386  acc=0.9563
  [S[32]-base] epoch 07/10  loss=0.1252  acc=0.9577
  [S[32]-base] epoch 08/10  loss=0.1144  acc=0.9612
  [S[32]-base] epoch 09/10  loss=0.1054  acc=0.9630
  [S[32]-base] epoch 10/10  loss=0.0987  acc=0.9637
  Baseline final acc: 0.9637  (25,450 params)

-- Training distilled student S[32] --
  [S[32]-kd] epoch 01/10  loss=2.3770  acc=0.9121
  [S[32]-kd] epoch 02/10  loss=0.9496  acc=0.9299
  [S[32]-kd] epoch 03/10  loss=0.7321  acc=0.9393
  [S[32]-kd] epoch 04/10  loss=0.5914  acc=0.9470
  [S[32]-kd] epoch 05/10  loss=0.5006  acc=0.9531
  [S[32]-kd] epoch 06/10  loss=0.4353  acc=0.9569
  [S[32]-kd] epoch 07/10  loss=0.3852  acc=0.9596
  [S[32]-kd] epoch 08/10  loss=0.3479  acc=0.9619
  [S[32]-kd] epoch 09/10  loss=0.3207  acc=0.9629
  [S[32]-kd] epoch 10/10  loss=0.2968  acc=0.9649
  Distilled final acc: 0.9649

============================================================
 Teacher T[256]  →  Student S[64]
============================================================

-- Training teacher T[256] --
  [T[256]] epoch 01/10  loss=0.3223  acc=0.9499
  [T[256]] epoch 02/10  loss=0.1374  acc=0.9635
  [T[256]] epoch 03/10  loss=0.0912  acc=0.9745
  [T[256]] epoch 04/10  loss=0.0682  acc=0.9760
  [T[256]] epoch 05/10  loss=0.0514  acc=0.9774
  [T[256]] epoch 06/10  loss=0.0412  acc=0.9780
  [T[256]] epoch 07/10  loss=0.0319  acc=0.9780
  [T[256]] epoch 08/10  loss=0.0258  acc=0.9790
  [T[256]] epoch 09/10  loss=0.0215  acc=0.9807
  [T[256]] epoch 10/10  loss=0.0147  acc=0.9805
  Teacher final acc: 0.9805  (203,530 params)

-- Training baseline student S[64] (no distillation) --
  [S[64]-base] epoch 01/10  loss=0.4407  acc=0.9290
  [S[64]-base] epoch 02/10  loss=0.2197  acc=0.9472
  [S[64]-base] epoch 03/10  loss=0.1689  acc=0.9531
  [S[64]-base] epoch 04/10  loss=0.1364  acc=0.9547
  [S[64]-base] epoch 05/10  loss=0.1159  acc=0.9625
  [S[64]-base] epoch 06/10  loss=0.0974  acc=0.9656
  [S[64]-base] epoch 07/10  loss=0.0854  acc=0.9668
  [S[64]-base] epoch 08/10  loss=0.0747  acc=0.9672
  [S[64]-base] epoch 09/10  loss=0.0653  acc=0.9697
  [S[64]-base] epoch 10/10  loss=0.0587  acc=0.9711
  Baseline final acc: 0.9711  (50,890 params)

-- Training distilled student S[64] --
  [S[64]-kd] epoch 01/10  loss=1.9653  acc=0.9207
  [S[64]-kd] epoch 02/10  loss=0.7935  acc=0.9424
  [S[64]-kd] epoch 03/10  loss=0.5305  acc=0.9522
  [S[64]-kd] epoch 04/10  loss=0.3800  acc=0.9616
  [S[64]-kd] epoch 05/10  loss=0.2909  acc=0.9649
  [S[64]-kd] epoch 06/10  loss=0.2350  acc=0.9680
  [S[64]-kd] epoch 07/10  loss=0.1976  acc=0.9692
  [S[64]-kd] epoch 08/10  loss=0.1703  acc=0.9709
  [S[64]-kd] epoch 09/10  loss=0.1498  acc=0.9717
  [S[64]-kd] epoch 10/10  loss=0.1368  acc=0.9733
  Distilled final acc: 0.9733

============================================================
 Teacher T[256]  →  Student S[128, 64]
============================================================

-- Training teacher T[256] --
  [T[256]] epoch 01/10  loss=0.3222  acc=0.9535
  [T[256]] epoch 02/10  loss=0.1336  acc=0.9654
  [T[256]] epoch 03/10  loss=0.0911  acc=0.9738
  [T[256]] epoch 04/10  loss=0.0671  acc=0.9766
  [T[256]] epoch 05/10  loss=0.0510  acc=0.9784
  [T[256]] epoch 06/10  loss=0.0396  acc=0.9764
  [T[256]] epoch 07/10  loss=0.0321  acc=0.9803
  [T[256]] epoch 08/10  loss=0.0254  acc=0.9812
  [T[256]] epoch 09/10  loss=0.0200  acc=0.9793
  [T[256]] epoch 10/10  loss=0.0162  acc=0.9795
  Teacher final acc: 0.9795  (203,530 params)

-- Training baseline student S[128, 64] (no distillation) --
  [S[128, 64]-base] epoch 01/10  loss=0.4112  acc=0.9309
  [S[128, 64]-base] epoch 02/10  loss=0.1664  acc=0.9588
  [S[128, 64]-base] epoch 03/10  loss=0.1152  acc=0.9676
  [S[128, 64]-base] epoch 04/10  loss=0.0888  acc=0.9719
  [S[128, 64]-base] epoch 05/10  loss=0.0691  acc=0.9747
  [S[128, 64]-base] epoch 06/10  loss=0.0559  acc=0.9740
  [S[128, 64]-base] epoch 07/10  loss=0.0457  acc=0.9734
  [S[128, 64]-base] epoch 08/10  loss=0.0408  acc=0.9753
  [S[128, 64]-base] epoch 09/10  loss=0.0332  acc=0.9768
  [S[128, 64]-base] epoch 10/10  loss=0.0271  acc=0.9757
  Baseline final acc: 0.9757  (109,386 params)

-- Training distilled student S[128, 64] --
  [S[128, 64]-kd] epoch 01/10  loss=1.7187  acc=0.9376
  [S[128, 64]-kd] epoch 02/10  loss=0.4843  acc=0.9577
  [S[128, 64]-kd] epoch 03/10  loss=0.2803  acc=0.9691
  [S[128, 64]-kd] epoch 04/10  loss=0.1881  acc=0.9720
  [S[128, 64]-kd] epoch 05/10  loss=0.1413  acc=0.9745
  [S[128, 64]-kd] epoch 06/10  loss=0.1130  acc=0.9745
  [S[128, 64]-kd] epoch 07/10  loss=0.0924  acc=0.9766
  [S[128, 64]-kd] epoch 08/10  loss=0.0807  acc=0.9762
  [S[128, 64]-kd] epoch 09/10  loss=0.0706  acc=0.9769
  [S[128, 64]-kd] epoch 10/10  loss=0.0636  acc=0.9773
  Distilled final acc: 0.9773

============================================================
 Teacher T[512, 512]  →  Student S[32]
============================================================

-- Training teacher T[512, 512] --
  [T[512, 512]] epoch 01/10  loss=0.2619  acc=0.9611
  [T[512, 512]] epoch 02/10  loss=0.0931  acc=0.9716
  [T[512, 512]] epoch 03/10  loss=0.0600  acc=0.9760
  [T[512, 512]] epoch 04/10  loss=0.0434  acc=0.9725
  [T[512, 512]] epoch 05/10  loss=0.0344  acc=0.9748
  [T[512, 512]] epoch 06/10  loss=0.0277  acc=0.9771
  [T[512, 512]] epoch 07/10  loss=0.0219  acc=0.9765
  [T[512, 512]] epoch 08/10  loss=0.0159  acc=0.9749
  [T[512, 512]] epoch 09/10  loss=0.0172  acc=0.9816
  [T[512, 512]] epoch 10/10  loss=0.0170  acc=0.9801
  Teacher final acc: 0.9801  (669,706 params)

-- Training baseline student S[32] (no distillation) --
  [S[32]-base] epoch 01/10  loss=0.5007  acc=0.9193
  [S[32]-base] epoch 02/10  loss=0.2565  acc=0.9347
  [S[32]-base] epoch 03/10  loss=0.2115  acc=0.9432
  [S[32]-base] epoch 04/10  loss=0.1795  acc=0.9521
  [S[32]-base] epoch 05/10  loss=0.1566  acc=0.9563
  [S[32]-base] epoch 06/10  loss=0.1385  acc=0.9590
  [S[32]-base] epoch 07/10  loss=0.1258  acc=0.9591
  [S[32]-base] epoch 08/10  loss=0.1150  acc=0.9617
  [S[32]-base] epoch 09/10  loss=0.1061  acc=0.9641
  [S[32]-base] epoch 10/10  loss=0.1002  acc=0.9634
  Baseline final acc: 0.9634  (25,450 params)

-- Training distilled student S[32] --
  [S[32]-kd] epoch 01/10  loss=2.7848  acc=0.9116
  [S[32]-kd] epoch 02/10  loss=1.2894  acc=0.9246
  [S[32]-kd] epoch 03/10  loss=1.0793  acc=0.9335
  [S[32]-kd] epoch 04/10  loss=0.9073  acc=0.9396
  [S[32]-kd] epoch 05/10  loss=0.7724  acc=0.9473
  [S[32]-kd] epoch 06/10  loss=0.6736  acc=0.9528
  [S[32]-kd] epoch 07/10  loss=0.5946  acc=0.9561
  [S[32]-kd] epoch 08/10  loss=0.5354  acc=0.9601
  [S[32]-kd] epoch 09/10  loss=0.4825  acc=0.9618
  [S[32]-kd] epoch 10/10  loss=0.4430  acc=0.9631
  Distilled final acc: 0.9631

============================================================
 Teacher T[512, 512]  →  Student S[64]
============================================================

-- Training teacher T[512, 512] --
  [T[512, 512]] epoch 01/10  loss=0.2632  acc=0.9622
  [T[512, 512]] epoch 02/10  loss=0.0904  acc=0.9681
  [T[512, 512]] epoch 03/10  loss=0.0615  acc=0.9740
  [T[512, 512]] epoch 04/10  loss=0.0428  acc=0.9790
  [T[512, 512]] epoch 05/10  loss=0.0305  acc=0.9817
  [T[512, 512]] epoch 06/10  loss=0.0246  acc=0.9809
  [T[512, 512]] epoch 07/10  loss=0.0231  acc=0.9795
  [T[512, 512]] epoch 08/10  loss=0.0168  acc=0.9804
  [T[512, 512]] epoch 09/10  loss=0.0184  acc=0.9807
  [T[512, 512]] epoch 10/10  loss=0.0148  acc=0.9818
  Teacher final acc: 0.9818  (669,706 params)

-- Training baseline student S[64] (no distillation) --
  [S[64]-base] epoch 01/10  loss=0.4415  acc=0.9307
  [S[64]-base] epoch 02/10  loss=0.2180  acc=0.9374
  [S[64]-base] epoch 03/10  loss=0.1647  acc=0.9570
  [S[64]-base] epoch 04/10  loss=0.1310  acc=0.9622
  [S[64]-base] epoch 05/10  loss=0.1107  acc=0.9661
  [S[64]-base] epoch 06/10  loss=0.0972  acc=0.9672
  [S[64]-base] epoch 07/10  loss=0.0833  acc=0.9703
  [S[64]-base] epoch 08/10  loss=0.0738  acc=0.9708
  [S[64]-base] epoch 09/10  loss=0.0660  acc=0.9724
  [S[64]-base] epoch 10/10  loss=0.0594  acc=0.9731
  Baseline final acc: 0.9731  (50,890 params)

-- Training distilled student S[64] --
  [S[64]-kd] epoch 01/10  loss=2.4092  acc=0.9179
  [S[64]-kd] epoch 02/10  loss=1.0538  acc=0.9381
  [S[64]-kd] epoch 03/10  loss=0.7728  acc=0.9503
  [S[64]-kd] epoch 04/10  loss=0.5990  acc=0.9587
  [S[64]-kd] epoch 05/10  loss=0.4815  acc=0.9618
  [S[64]-kd] epoch 06/10  loss=0.4055  acc=0.9648
  [S[64]-kd] epoch 07/10  loss=0.3440  acc=0.9664
  [S[64]-kd] epoch 08/10  loss=0.3015  acc=0.9694
  [S[64]-kd] epoch 09/10  loss=0.2689  acc=0.9696
  [S[64]-kd] epoch 10/10  loss=0.2408  acc=0.9716
  Distilled final acc: 0.9716

============================================================
 Teacher T[512, 512]  →  Student S[128, 64]
============================================================

-- Training teacher T[512, 512] --
  [T[512, 512]] epoch 01/10  loss=0.2580  acc=0.9647
  [T[512, 512]] epoch 02/10  loss=0.0926  acc=0.9727
  [T[512, 512]] epoch 03/10  loss=0.0586  acc=0.9759
  [T[512, 512]] epoch 04/10  loss=0.0421  acc=0.9768
  [T[512, 512]] epoch 05/10  loss=0.0306  acc=0.9767
  [T[512, 512]] epoch 06/10  loss=0.0279  acc=0.9774
  [T[512, 512]] epoch 07/10  loss=0.0227  acc=0.9771
  [T[512, 512]] epoch 08/10  loss=0.0173  acc=0.9793
  [T[512, 512]] epoch 09/10  loss=0.0182  acc=0.9769
  [T[512, 512]] epoch 10/10  loss=0.0146  acc=0.9789
  Teacher final acc: 0.9789  (669,706 params)

-- Training baseline student S[128, 64] (no distillation) --
  [S[128, 64]-base] epoch 01/10  loss=0.4013  acc=0.9384
  [S[128, 64]-base] epoch 02/10  loss=0.1685  acc=0.9568
  [S[128, 64]-base] epoch 03/10  loss=0.1163  acc=0.9628
  [S[128, 64]-base] epoch 04/10  loss=0.0881  acc=0.9729
  [S[128, 64]-base] epoch 05/10  loss=0.0689  acc=0.9712
  [S[128, 64]-base] epoch 06/10  loss=0.0569  acc=0.9757
  [S[128, 64]-base] epoch 07/10  loss=0.0474  acc=0.9765
  [S[128, 64]-base] epoch 08/10  loss=0.0403  acc=0.9768
  [S[128, 64]-base] epoch 09/10  loss=0.0326  acc=0.9763
  [S[128, 64]-base] epoch 10/10  loss=0.0274  acc=0.9774
  Baseline final acc: 0.9774  (109,386 params)

-- Training distilled student S[128, 64] --
  [S[128, 64]-kd] epoch 01/10  loss=2.2160  acc=0.9308
  [S[128, 64]-kd] epoch 02/10  loss=0.7908  acc=0.9536
  [S[128, 64]-kd] epoch 03/10  loss=0.5077  acc=0.9602
  [S[128, 64]-kd] epoch 04/10  loss=0.3611  acc=0.9632
  [S[128, 64]-kd] epoch 05/10  loss=0.2804  acc=0.9696
  [S[128, 64]-kd] epoch 06/10  loss=0.2223  acc=0.9729
  [S[128, 64]-kd] epoch 07/10  loss=0.1825  acc=0.9733
  [S[128, 64]-kd] epoch 08/10  loss=0.1571  acc=0.9750
  [S[128, 64]-kd] epoch 09/10  loss=0.1362  acc=0.9747
  [S[128, 64]-kd] epoch 10/10  loss=0.1189  acc=0.9760
  Distilled final acc: 0.9760

============================================================
 Teacher T[1024, 512, 256]  →  Student S[32]
============================================================

-- Training teacher T[1024, 512, 256] --
  [T[1024, 512, 256]] epoch 01/10  loss=0.2542  acc=0.9628
  [T[1024, 512, 256]] epoch 02/10  loss=0.0900  acc=0.9733
  [T[1024, 512, 256]] epoch 03/10  loss=0.0597  acc=0.9774
  [T[1024, 512, 256]] epoch 04/10  loss=0.0452  acc=0.9682
  [T[1024, 512, 256]] epoch 05/10  loss=0.0337  acc=0.9731
  [T[1024, 512, 256]] epoch 06/10  loss=0.0305  acc=0.9774
  [T[1024, 512, 256]] epoch 07/10  loss=0.0244  acc=0.9805
  [T[1024, 512, 256]] epoch 08/10  loss=0.0229  acc=0.9809
  [T[1024, 512, 256]] epoch 09/10  loss=0.0188  acc=0.9785
  [T[1024, 512, 256]] epoch 10/10  loss=0.0196  acc=0.9770
  Teacher final acc: 0.9770  (1,462,538 params)

-- Training baseline student S[32] (no distillation) --
  [S[32]-base] epoch 01/10  loss=0.5000  acc=0.9183
  [S[32]-base] epoch 02/10  loss=0.2625  acc=0.9328
  [S[32]-base] epoch 03/10  loss=0.2159  acc=0.9398
  [S[32]-base] epoch 04/10  loss=0.1829  acc=0.9462
  [S[32]-base] epoch 05/10  loss=0.1621  acc=0.9525
  [S[32]-base] epoch 06/10  loss=0.1450  acc=0.9527
  [S[32]-base] epoch 07/10  loss=0.1331  acc=0.9561
  [S[32]-base] epoch 08/10  loss=0.1226  acc=0.9585
  [S[32]-base] epoch 09/10  loss=0.1141  acc=0.9612
  [S[32]-base] epoch 10/10  loss=0.1066  acc=0.9612
  Baseline final acc: 0.9612  (25,450 params)

-- Training distilled student S[32] --
  [S[32]-kd] epoch 01/10  loss=2.8988  acc=0.9102
  [S[32]-kd] epoch 02/10  loss=1.2933  acc=0.9219
  [S[32]-kd] epoch 03/10  loss=1.0752  acc=0.9361
  [S[32]-kd] epoch 04/10  loss=0.8888  acc=0.9414
  [S[32]-kd] epoch 05/10  loss=0.7477  acc=0.9467
  [S[32]-kd] epoch 06/10  loss=0.6557  acc=0.9524
  [S[32]-kd] epoch 07/10  loss=0.5901  acc=0.9554
  [S[32]-kd] epoch 08/10  loss=0.5390  acc=0.9568
  [S[32]-kd] epoch 09/10  loss=0.5001  acc=0.9587
  [S[32]-kd] epoch 10/10  loss=0.4677  acc=0.9610
  Distilled final acc: 0.9610

============================================================
 Teacher T[1024, 512, 256]  →  Student S[64]
============================================================

-- Training teacher T[1024, 512, 256] --
  [T[1024, 512, 256]] epoch 01/10  loss=0.2593  acc=0.9620
  [T[1024, 512, 256]] epoch 02/10  loss=0.0899  acc=0.9763
  [T[1024, 512, 256]] epoch 03/10  loss=0.0614  acc=0.9760
  [T[1024, 512, 256]] epoch 04/10  loss=0.0426  acc=0.9790
  [T[1024, 512, 256]] epoch 05/10  loss=0.0366  acc=0.9825
  [T[1024, 512, 256]] epoch 06/10  loss=0.0274  acc=0.9771
  [T[1024, 512, 256]] epoch 07/10  loss=0.0259  acc=0.9760
  [T[1024, 512, 256]] epoch 08/10  loss=0.0212  acc=0.9770
  [T[1024, 512, 256]] epoch 09/10  loss=0.0171  acc=0.9801
  [T[1024, 512, 256]] epoch 10/10  loss=0.0161  acc=0.9808
  Teacher final acc: 0.9808  (1,462,538 params)

-- Training baseline student S[64] (no distillation) --
  [S[64]-base] epoch 01/10  loss=0.4330  acc=0.9297
  [S[64]-base] epoch 02/10  loss=0.2144  acc=0.9464
  [S[64]-base] epoch 03/10  loss=0.1639  acc=0.9563
  [S[64]-base] epoch 04/10  loss=0.1326  acc=0.9624
  [S[64]-base] epoch 05/10  loss=0.1115  acc=0.9651
  [S[64]-base] epoch 06/10  loss=0.0960  acc=0.9670
  [S[64]-base] epoch 07/10  loss=0.0837  acc=0.9673
  [S[64]-base] epoch 08/10  loss=0.0742  acc=0.9711
  [S[64]-base] epoch 09/10  loss=0.0654  acc=0.9682
  [S[64]-base] epoch 10/10  loss=0.0611  acc=0.9710
  Baseline final acc: 0.9710  (50,890 params)

-- Training distilled student S[64] --
  [S[64]-kd] epoch 01/10  loss=2.5042  acc=0.9192
  [S[64]-kd] epoch 02/10  loss=1.1137  acc=0.9372
  [S[64]-kd] epoch 03/10  loss=0.8544  acc=0.9490
  [S[64]-kd] epoch 04/10  loss=0.6823  acc=0.9547
  [S[64]-kd] epoch 05/10  loss=0.5614  acc=0.9589
  [S[64]-kd] epoch 06/10  loss=0.4750  acc=0.9639
  [S[64]-kd] epoch 07/10  loss=0.4101  acc=0.9648
  [S[64]-kd] epoch 08/10  loss=0.3610  acc=0.9692
  [S[64]-kd] epoch 09/10  loss=0.3231  acc=0.9711
  [S[64]-kd] epoch 10/10  loss=0.2913  acc=0.9714
  Distilled final acc: 0.9714

============================================================
 Teacher T[1024, 512, 256]  →  Student S[128, 64]
============================================================

-- Training teacher T[1024, 512, 256] --
  [T[1024, 512, 256]] epoch 01/10  loss=0.2493  acc=0.9707
  [T[1024, 512, 256]] epoch 02/10  loss=0.0848  acc=0.9722
  [T[1024, 512, 256]] epoch 03/10  loss=0.0593  acc=0.9783
  [T[1024, 512, 256]] epoch 04/10  loss=0.0447  acc=0.9729
  [T[1024, 512, 256]] epoch 05/10  loss=0.0331  acc=0.9791
  [T[1024, 512, 256]] epoch 06/10  loss=0.0280  acc=0.9817
  [T[1024, 512, 256]] epoch 07/10  loss=0.0228  acc=0.9814
  [T[1024, 512, 256]] epoch 08/10  loss=0.0221  acc=0.9819
  [T[1024, 512, 256]] epoch 09/10  loss=0.0190  acc=0.9819
  [T[1024, 512, 256]] epoch 10/10  loss=0.0195  acc=0.9792
  Teacher final acc: 0.9792  (1,462,538 params)

-- Training baseline student S[128, 64] (no distillation) --
  [S[128, 64]-base] epoch 01/10  loss=0.4069  acc=0.9387
  [S[128, 64]-base] epoch 02/10  loss=0.1690  acc=0.9585
  [S[128, 64]-base] epoch 03/10  loss=0.1178  acc=0.9636
  [S[128, 64]-base] epoch 04/10  loss=0.0889  acc=0.9729
  [S[128, 64]-base] epoch 05/10  loss=0.0703  acc=0.9724
  [S[128, 64]-base] epoch 06/10  loss=0.0586  acc=0.9776
  [S[128, 64]-base] epoch 07/10  loss=0.0474  acc=0.9781
  [S[128, 64]-base] epoch 08/10  loss=0.0397  acc=0.9790
  [S[128, 64]-base] epoch 09/10  loss=0.0314  acc=0.9795
  [S[128, 64]-base] epoch 10/10  loss=0.0268  acc=0.9803
  Baseline final acc: 0.9803  (109,386 params)

-- Training distilled student S[128, 64] --
  [S[128, 64]-kd] epoch 01/10  loss=2.1512  acc=0.9284
  [S[128, 64]-kd] epoch 02/10  loss=0.7852  acc=0.9509
  [S[128, 64]-kd] epoch 03/10  loss=0.4855  acc=0.9641
  [S[128, 64]-kd] epoch 04/10  loss=0.3420  acc=0.9697
  [S[128, 64]-kd] epoch 05/10  loss=0.2640  acc=0.9729
  [S[128, 64]-kd] epoch 06/10  loss=0.2147  acc=0.9737
  [S[128, 64]-kd] epoch 07/10  loss=0.1807  acc=0.9750
  [S[128, 64]-kd] epoch 08/10  loss=0.1560  acc=0.9750
  [S[128, 64]-kd] epoch 09/10  loss=0.1381  acc=0.9757
  [S[128, 64]-kd] epoch 10/10  loss=0.1219  acc=0.9781
  Distilled final acc: 0.9781

============================================================
 SWEEP RESULTS
============================================================
Teacher              Student          T_acc   Base   Dist   Gap%
----------------------------------------------------------------
[256]                [32]            0.9804 0.9637 0.9649   7.2%
[256]                [64]            0.9805 0.9711 0.9733  23.4%
[256]                [128, 64]       0.9795 0.9757 0.9773  42.1%
[512, 512]           [32]            0.9801 0.9634 0.9631  -1.8%
[512, 512]           [64]            0.9818 0.9731 0.9716 -17.2%
[512, 512]           [128, 64]       0.9789 0.9774 0.9760 -93.3%
[1024, 512, 256]     [32]            0.9770 0.9612 0.9610  -1.3%
[1024, 512, 256]     [64]            0.9808 0.9710 0.9714   4.1%
[1024, 512, 256]     [128, 64]       0.9792 0.9803 0.9781   nan%

Results saved to sweep_results.csv
End time: Fri Feb 20 20:42:18 EST 2026
