Job ID:     9492391
Node:       node3200
GPU:        0
Start time: Fri Feb 20 21:09:46 EST 2026
Found 4 positive pairs:
  T=[256]  S=[32]  gap=7.2%
  T=[256]  S=[64]  gap=23.4%
  T=[256]  S=[128, 64]  gap=42.1%
  T=[1024, 512, 256]  S=[64]  gap=4.1%

============================================================
 Pair  Teacher [256]  →  Student [32]
============================================================

-- Training teacher --
    epoch 1/10  acc=0.9499
    epoch 2/10  acc=0.9660
    epoch 3/10  acc=0.9715
    epoch 4/10  acc=0.9768
    epoch 5/10  acc=0.9780
    epoch 6/10  acc=0.9776
    epoch 7/10  acc=0.9782
    epoch 8/10  acc=0.9797
    epoch 9/10  acc=0.9802
    epoch 10/10  acc=0.9804
  Teacher acc: 0.9804

-- Temperature sweep (alpha=0.5) --
  T=1.0
    epoch 1/10  acc=0.9204
    epoch 2/10  acc=0.9348
    epoch 3/10  acc=0.9453
    epoch 4/10  acc=0.9512
    epoch 5/10  acc=0.9556
    epoch 6/10  acc=0.9570
    epoch 7/10  acc=0.9580
    epoch 8/10  acc=0.9617
    epoch 9/10  acc=0.9644
    epoch 10/10  acc=0.9631
  → acc=0.9631
  T=2.0
    epoch 1/10  acc=0.9171
    epoch 2/10  acc=0.9332
    epoch 3/10  acc=0.9424
    epoch 4/10  acc=0.9466
    epoch 5/10  acc=0.9523
    epoch 6/10  acc=0.9556
    epoch 7/10  acc=0.9581
    epoch 8/10  acc=0.9599
    epoch 9/10  acc=0.9616
    epoch 10/10  acc=0.9643
  → acc=0.9643
  T=3.0
    epoch 1/10  acc=0.9115
    epoch 2/10  acc=0.9255
    epoch 3/10  acc=0.9383
    epoch 4/10  acc=0.9465
    epoch 5/10  acc=0.9510
    epoch 6/10  acc=0.9570
    epoch 7/10  acc=0.9589
    epoch 8/10  acc=0.9620
    epoch 9/10  acc=0.9611
    epoch 10/10  acc=0.9635
  → acc=0.9635
  T=4.0
    epoch 1/10  acc=0.9133
    epoch 2/10  acc=0.9274
    epoch 3/10  acc=0.9366
    epoch 4/10  acc=0.9447
    epoch 5/10  acc=0.9489
    epoch 6/10  acc=0.9551
    epoch 7/10  acc=0.9593
    epoch 8/10  acc=0.9612
    epoch 9/10  acc=0.9614
    epoch 10/10  acc=0.9638
  → acc=0.9638
  T=5.0
    epoch 1/10  acc=0.9083
    epoch 2/10  acc=0.9207
    epoch 3/10  acc=0.9332
    epoch 4/10  acc=0.9456
    epoch 5/10  acc=0.9517
    epoch 6/10  acc=0.9566
    epoch 7/10  acc=0.9577
    epoch 8/10  acc=0.9605
    epoch 9/10  acc=0.9629
    epoch 10/10  acc=0.9637
  → acc=0.9637
  T=7.0
    epoch 1/10  acc=0.9053
    epoch 2/10  acc=0.9234
    epoch 3/10  acc=0.9341
    epoch 4/10  acc=0.9448
    epoch 5/10  acc=0.9498
    epoch 6/10  acc=0.9537
    epoch 7/10  acc=0.9564
    epoch 8/10  acc=0.9576
    epoch 9/10  acc=0.9582
    epoch 10/10  acc=0.9597
  → acc=0.9597
  T=10.0
    epoch 1/10  acc=0.9006
    epoch 2/10  acc=0.9202
    epoch 3/10  acc=0.9348
    epoch 4/10  acc=0.9452
    epoch 5/10  acc=0.9516
    epoch 6/10  acc=0.9554
    epoch 7/10  acc=0.9572
    epoch 8/10  acc=0.9598
    epoch 9/10  acc=0.9605
    epoch 10/10  acc=0.9609
  → acc=0.9609

-- Alpha sweep (T=3.0) --
  alpha=0.1
    epoch 1/10  acc=0.9159
    epoch 2/10  acc=0.9337
    epoch 3/10  acc=0.9409
    epoch 4/10  acc=0.9467
    epoch 5/10  acc=0.9493
    epoch 6/10  acc=0.9500
    epoch 7/10  acc=0.9540
    epoch 8/10  acc=0.9584
    epoch 9/10  acc=0.9596
    epoch 10/10  acc=0.9616
  → acc=0.9616
  alpha=0.2
    epoch 1/10  acc=0.9165
    epoch 2/10  acc=0.9304
    epoch 3/10  acc=0.9424
    epoch 4/10  acc=0.9500
    epoch 5/10  acc=0.9524
    epoch 6/10  acc=0.9564
    epoch 7/10  acc=0.9572
    epoch 8/10  acc=0.9609
    epoch 9/10  acc=0.9628
    epoch 10/10  acc=0.9615
  → acc=0.9615
  alpha=0.3
    epoch 1/10  acc=0.9128
    epoch 2/10  acc=0.9246
    epoch 3/10  acc=0.9365
    epoch 4/10  acc=0.9451
    epoch 5/10  acc=0.9529
    epoch 6/10  acc=0.9585
    epoch 7/10  acc=0.9610
    epoch 8/10  acc=0.9636
    epoch 9/10  acc=0.9643
    epoch 10/10  acc=0.9666
  → acc=0.9666
  alpha=0.5
    epoch 1/10  acc=0.9112
    epoch 2/10  acc=0.9265
    epoch 3/10  acc=0.9379
    epoch 4/10  acc=0.9435
    epoch 5/10  acc=0.9498
    epoch 6/10  acc=0.9553
    epoch 7/10  acc=0.9584
    epoch 8/10  acc=0.9609
    epoch 9/10  acc=0.9620
    epoch 10/10  acc=0.9635
  → acc=0.9635
  alpha=0.7
    epoch 1/10  acc=0.9123
    epoch 2/10  acc=0.9225
    epoch 3/10  acc=0.9347
    epoch 4/10  acc=0.9434
    epoch 5/10  acc=0.9497
    epoch 6/10  acc=0.9548
    epoch 7/10  acc=0.9571
    epoch 8/10  acc=0.9579
    epoch 9/10  acc=0.9597
    epoch 10/10  acc=0.9613
  → acc=0.9613
  alpha=0.8
    epoch 1/10  acc=0.9128
    epoch 2/10  acc=0.9264
    epoch 3/10  acc=0.9347
    epoch 4/10  acc=0.9447
    epoch 5/10  acc=0.9498
    epoch 6/10  acc=0.9549
    epoch 7/10  acc=0.9592
    epoch 8/10  acc=0.9626
    epoch 9/10  acc=0.9618
    epoch 10/10  acc=0.9627
  → acc=0.9627
  alpha=0.9
    epoch 1/10  acc=0.9122
    epoch 2/10  acc=0.9243
    epoch 3/10  acc=0.9344
    epoch 4/10  acc=0.9443
    epoch 5/10  acc=0.9500
    epoch 6/10  acc=0.9541
    epoch 7/10  acc=0.9575
    epoch 8/10  acc=0.9594
    epoch 9/10  acc=0.9599
    epoch 10/10  acc=0.9630
  → acc=0.9630
  Saved visualizations/hparam_[256]_[32].png

============================================================
 Pair  Teacher [256]  →  Student [64]
============================================================

-- Training teacher --
    epoch 1/10  acc=0.9527
    epoch 2/10  acc=0.9653
    epoch 3/10  acc=0.9747
    epoch 4/10  acc=0.9764
    epoch 5/10  acc=0.9789
    epoch 6/10  acc=0.9778
    epoch 7/10  acc=0.9784
    epoch 8/10  acc=0.9801
    epoch 9/10  acc=0.9799
    epoch 10/10  acc=0.9801
  Teacher acc: 0.9801

-- Temperature sweep (alpha=0.5) --
  T=1.0
    epoch 1/10  acc=0.9276
    epoch 2/10  acc=0.9488
    epoch 3/10  acc=0.9564
    epoch 4/10  acc=0.9635
    epoch 5/10  acc=0.9674
    epoch 6/10  acc=0.9704
    epoch 7/10  acc=0.9726
    epoch 8/10  acc=0.9736
    epoch 9/10  acc=0.9734
    epoch 10/10  acc=0.9746
  → acc=0.9746
  T=2.0
    epoch 1/10  acc=0.9218
    epoch 2/10  acc=0.9447
    epoch 3/10  acc=0.9517
    epoch 4/10  acc=0.9611
    epoch 5/10  acc=0.9645
    epoch 6/10  acc=0.9673
    epoch 7/10  acc=0.9697
    epoch 8/10  acc=0.9718
    epoch 9/10  acc=0.9719
    epoch 10/10  acc=0.9741
  → acc=0.9741
  T=3.0
    epoch 1/10  acc=0.9240
    epoch 2/10  acc=0.9469
    epoch 3/10  acc=0.9558
    epoch 4/10  acc=0.9632
    epoch 5/10  acc=0.9679
    epoch 6/10  acc=0.9689
    epoch 7/10  acc=0.9712
    epoch 8/10  acc=0.9718
    epoch 9/10  acc=0.9734
    epoch 10/10  acc=0.9735
  → acc=0.9735
  T=4.0
    epoch 1/10  acc=0.9210
    epoch 2/10  acc=0.9420
    epoch 3/10  acc=0.9526
    epoch 4/10  acc=0.9604
    epoch 5/10  acc=0.9644
    epoch 6/10  acc=0.9678
    epoch 7/10  acc=0.9687
    epoch 8/10  acc=0.9707
    epoch 9/10  acc=0.9733
    epoch 10/10  acc=0.9719
  → acc=0.9719
  T=5.0
    epoch 1/10  acc=0.9184
    epoch 2/10  acc=0.9396
    epoch 3/10  acc=0.9522
    epoch 4/10  acc=0.9613
    epoch 5/10  acc=0.9670
    epoch 6/10  acc=0.9691
    epoch 7/10  acc=0.9708
    epoch 8/10  acc=0.9714
    epoch 9/10  acc=0.9722
    epoch 10/10  acc=0.9733
  → acc=0.9733
  T=7.0
    epoch 1/10  acc=0.9134
    epoch 2/10  acc=0.9370
    epoch 3/10  acc=0.9552
    epoch 4/10  acc=0.9612
    epoch 5/10  acc=0.9650
    epoch 6/10  acc=0.9674
    epoch 7/10  acc=0.9682
    epoch 8/10  acc=0.9680
    epoch 9/10  acc=0.9710
    epoch 10/10  acc=0.9715
  → acc=0.9715
  T=10.0
    epoch 1/10  acc=0.9153
    epoch 2/10  acc=0.9446
    epoch 3/10  acc=0.9565
    epoch 4/10  acc=0.9601
    epoch 5/10  acc=0.9657
    epoch 6/10  acc=0.9684
    epoch 7/10  acc=0.9700
    epoch 8/10  acc=0.9709
    epoch 9/10  acc=0.9714
    epoch 10/10  acc=0.9720
  → acc=0.9720

-- Alpha sweep (T=3.0) --
  alpha=0.1
    epoch 1/10  acc=0.9251
    epoch 2/10  acc=0.9428
    epoch 3/10  acc=0.9491
    epoch 4/10  acc=0.9578
    epoch 5/10  acc=0.9631
    epoch 6/10  acc=0.9670
    epoch 7/10  acc=0.9686
    epoch 8/10  acc=0.9711
    epoch 9/10  acc=0.9716
    epoch 10/10  acc=0.9731
  → acc=0.9731
  alpha=0.2
    epoch 1/10  acc=0.9253
    epoch 2/10  acc=0.9443
    epoch 3/10  acc=0.9526
    epoch 4/10  acc=0.9590
    epoch 5/10  acc=0.9655
    epoch 6/10  acc=0.9658
    epoch 7/10  acc=0.9682
    epoch 8/10  acc=0.9704
    epoch 9/10  acc=0.9693
    epoch 10/10  acc=0.9717
  → acc=0.9717
  alpha=0.3
    epoch 1/10  acc=0.9217
    epoch 2/10  acc=0.9408
    epoch 3/10  acc=0.9532
    epoch 4/10  acc=0.9608
    epoch 5/10  acc=0.9639
    epoch 6/10  acc=0.9680
    epoch 7/10  acc=0.9693
    epoch 8/10  acc=0.9716
    epoch 9/10  acc=0.9706
    epoch 10/10  acc=0.9742
  → acc=0.9742
  alpha=0.5
    epoch 1/10  acc=0.9218
    epoch 2/10  acc=0.9423
    epoch 3/10  acc=0.9525
    epoch 4/10  acc=0.9582
    epoch 5/10  acc=0.9640
    epoch 6/10  acc=0.9676
    epoch 7/10  acc=0.9691
    epoch 8/10  acc=0.9712
    epoch 9/10  acc=0.9719
    epoch 10/10  acc=0.9731
  → acc=0.9731
  alpha=0.7
    epoch 1/10  acc=0.9182
    epoch 2/10  acc=0.9373
    epoch 3/10  acc=0.9521
    epoch 4/10  acc=0.9572
    epoch 5/10  acc=0.9624
    epoch 6/10  acc=0.9657
    epoch 7/10  acc=0.9678
    epoch 8/10  acc=0.9700
    epoch 9/10  acc=0.9707
    epoch 10/10  acc=0.9713
  → acc=0.9713
  alpha=0.8
    epoch 1/10  acc=0.9141
    epoch 2/10  acc=0.9349
    epoch 3/10  acc=0.9490
    epoch 4/10  acc=0.9569
    epoch 5/10  acc=0.9643
    epoch 6/10  acc=0.9672
    epoch 7/10  acc=0.9678
    epoch 8/10  acc=0.9708
    epoch 9/10  acc=0.9714
    epoch 10/10  acc=0.9723
  → acc=0.9723
  alpha=0.9
    epoch 1/10  acc=0.9167
    epoch 2/10  acc=0.9335
    epoch 3/10  acc=0.9466
    epoch 4/10  acc=0.9576
    epoch 5/10  acc=0.9637
    epoch 6/10  acc=0.9660
    epoch 7/10  acc=0.9689
    epoch 8/10  acc=0.9709
    epoch 9/10  acc=0.9720
    epoch 10/10  acc=0.9726
  → acc=0.9726
  Saved visualizations/hparam_[256]_[64].png

============================================================
 Pair  Teacher [256]  →  Student [128, 64]
============================================================

-- Training teacher --
    epoch 1/10  acc=0.9491
    epoch 2/10  acc=0.9687
    epoch 3/10  acc=0.9734
    epoch 4/10  acc=0.9746
    epoch 5/10  acc=0.9783
    epoch 6/10  acc=0.9767
    epoch 7/10  acc=0.9795
    epoch 8/10  acc=0.9776
    epoch 9/10  acc=0.9794
    epoch 10/10  acc=0.9804
  Teacher acc: 0.9804

-- Temperature sweep (alpha=0.5) --
  T=1.0
    epoch 1/10  acc=0.9398
    epoch 2/10  acc=0.9601
    epoch 3/10  acc=0.9680
    epoch 4/10  acc=0.9695
    epoch 5/10  acc=0.9729
    epoch 6/10  acc=0.9740
    epoch 7/10  acc=0.9755
    epoch 8/10  acc=0.9782
    epoch 9/10  acc=0.9795
    epoch 10/10  acc=0.9766
  → acc=0.9766
  T=2.0
    epoch 1/10  acc=0.9331
    epoch 2/10  acc=0.9552
    epoch 3/10  acc=0.9643
    epoch 4/10  acc=0.9687
    epoch 5/10  acc=0.9716
    epoch 6/10  acc=0.9735
    epoch 7/10  acc=0.9749
    epoch 8/10  acc=0.9760
    epoch 9/10  acc=0.9767
    epoch 10/10  acc=0.9776
  → acc=0.9776
  T=3.0
    epoch 1/10  acc=0.9350
    epoch 2/10  acc=0.9561
    epoch 3/10  acc=0.9670
    epoch 4/10  acc=0.9704
    epoch 5/10  acc=0.9734
    epoch 6/10  acc=0.9741
    epoch 7/10  acc=0.9750
    epoch 8/10  acc=0.9764
    epoch 9/10  acc=0.9768
    epoch 10/10  acc=0.9765
  → acc=0.9765
  T=4.0
    epoch 1/10  acc=0.9374
    epoch 2/10  acc=0.9583
    epoch 3/10  acc=0.9663
    epoch 4/10  acc=0.9706
    epoch 5/10  acc=0.9730
    epoch 6/10  acc=0.9754
    epoch 7/10  acc=0.9754
    epoch 8/10  acc=0.9763
    epoch 9/10  acc=0.9763
    epoch 10/10  acc=0.9769
  → acc=0.9769
  T=5.0
    epoch 1/10  acc=0.9372
    epoch 2/10  acc=0.9613
    epoch 3/10  acc=0.9700
    epoch 4/10  acc=0.9716
    epoch 5/10  acc=0.9747
    epoch 6/10  acc=0.9748
    epoch 7/10  acc=0.9777
    epoch 8/10  acc=0.9770
    epoch 9/10  acc=0.9768
    epoch 10/10  acc=0.9779
  → acc=0.9779
  T=7.0
    epoch 1/10  acc=0.9375
    epoch 2/10  acc=0.9618
    epoch 3/10  acc=0.9685
    epoch 4/10  acc=0.9719
    epoch 5/10  acc=0.9741
    epoch 6/10  acc=0.9753
    epoch 7/10  acc=0.9754
    epoch 8/10  acc=0.9765
    epoch 9/10  acc=0.9775
    epoch 10/10  acc=0.9772
  → acc=0.9772
  T=10.0
    epoch 1/10  acc=0.9347
    epoch 2/10  acc=0.9614
    epoch 3/10  acc=0.9688
    epoch 4/10  acc=0.9710
    epoch 5/10  acc=0.9725
    epoch 6/10  acc=0.9738
    epoch 7/10  acc=0.9752
    epoch 8/10  acc=0.9745
    epoch 9/10  acc=0.9761
    epoch 10/10  acc=0.9766
  → acc=0.9766

-- Alpha sweep (T=3.0) --
  alpha=0.1
    epoch 1/10  acc=0.9332
    epoch 2/10  acc=0.9546
    epoch 3/10  acc=0.9654
    epoch 4/10  acc=0.9687
    epoch 5/10  acc=0.9724
    epoch 6/10  acc=0.9765
    epoch 7/10  acc=0.9745
    epoch 8/10  acc=0.9756
    epoch 9/10  acc=0.9779
    epoch 10/10  acc=0.9783
  → acc=0.9783
  alpha=0.2
    epoch 1/10  acc=0.9384
    epoch 2/10  acc=0.9550
    epoch 3/10  acc=0.9635
    epoch 4/10  acc=0.9713
    epoch 5/10  acc=0.9737
    epoch 6/10  acc=0.9743
    epoch 7/10  acc=0.9751
    epoch 8/10  acc=0.9748
    epoch 9/10  acc=0.9770
    epoch 10/10  acc=0.9780
  → acc=0.9780
  alpha=0.3
    epoch 1/10  acc=0.9351
    epoch 2/10  acc=0.9557
    epoch 3/10  acc=0.9654
    epoch 4/10  acc=0.9710
    epoch 5/10  acc=0.9723
    epoch 6/10  acc=0.9757
    epoch 7/10  acc=0.9757
    epoch 8/10  acc=0.9764
    epoch 9/10  acc=0.9758
    epoch 10/10  acc=0.9771
  → acc=0.9771
  alpha=0.5
    epoch 1/10  acc=0.9346
    epoch 2/10  acc=0.9580
    epoch 3/10  acc=0.9655
    epoch 4/10  acc=0.9709
    epoch 5/10  acc=0.9736
    epoch 6/10  acc=0.9745
    epoch 7/10  acc=0.9756
    epoch 8/10  acc=0.9759
    epoch 9/10  acc=0.9762
    epoch 10/10  acc=0.9767
  → acc=0.9767
  alpha=0.7
    epoch 1/10  acc=0.9313
    epoch 2/10  acc=0.9602
    epoch 3/10  acc=0.9665
    epoch 4/10  acc=0.9724
    epoch 5/10  acc=0.9731
    epoch 6/10  acc=0.9746
    epoch 7/10  acc=0.9764
    epoch 8/10  acc=0.9769
    epoch 9/10  acc=0.9768
    epoch 10/10  acc=0.9768
  → acc=0.9768
  alpha=0.8
    epoch 1/10  acc=0.9361
    epoch 2/10  acc=0.9587
    epoch 3/10  acc=0.9669
    epoch 4/10  acc=0.9722
    epoch 5/10  acc=0.9750
    epoch 6/10  acc=0.9743
    epoch 7/10  acc=0.9751
    epoch 8/10  acc=0.9773
    epoch 9/10  acc=0.9782
    epoch 10/10  acc=0.9779
  → acc=0.9779
  alpha=0.9
    epoch 1/10  acc=0.9300
    epoch 2/10  acc=0.9562
    epoch 3/10  acc=0.9665
    epoch 4/10  acc=0.9720
    epoch 5/10  acc=0.9736
    epoch 6/10  acc=0.9743
    epoch 7/10  acc=0.9749
    epoch 8/10  acc=0.9766
    epoch 9/10  acc=0.9767
    epoch 10/10  acc=0.9775
  → acc=0.9775
  Saved visualizations/hparam_[256]_[128_64].png

============================================================
 Pair  Teacher [1024, 512, 256]  →  Student [64]
============================================================

-- Training teacher --
    epoch 1/10  acc=0.9595
    epoch 2/10  acc=0.9682
    epoch 3/10  acc=0.9746
    epoch 4/10  acc=0.9787
    epoch 5/10  acc=0.9774
    epoch 6/10  acc=0.9770
    epoch 7/10  acc=0.9801
    epoch 8/10  acc=0.9802
    epoch 9/10  acc=0.9813
    epoch 10/10  acc=0.9833
  Teacher acc: 0.9833

-- Temperature sweep (alpha=0.5) --
  T=1.0
    epoch 1/10  acc=0.9345
    epoch 2/10  acc=0.9515
    epoch 3/10  acc=0.9605
    epoch 4/10  acc=0.9621
    epoch 5/10  acc=0.9679
    epoch 6/10  acc=0.9668
    epoch 7/10  acc=0.9701
    epoch 8/10  acc=0.9711
    epoch 9/10  acc=0.9747
    epoch 10/10  acc=0.9740
  → acc=0.9740
  T=2.0
    epoch 1/10  acc=0.9186
    epoch 2/10  acc=0.9426
    epoch 3/10  acc=0.9522
    epoch 4/10  acc=0.9598
    epoch 5/10  acc=0.9645
    epoch 6/10  acc=0.9670
    epoch 7/10  acc=0.9695
    epoch 8/10  acc=0.9712
    epoch 9/10  acc=0.9715
    epoch 10/10  acc=0.9730
  → acc=0.9730
  T=3.0
    epoch 1/10  acc=0.9178
    epoch 2/10  acc=0.9348
    epoch 3/10  acc=0.9484
    epoch 4/10  acc=0.9559
    epoch 5/10  acc=0.9602
    epoch 6/10  acc=0.9646
    epoch 7/10  acc=0.9687
    epoch 8/10  acc=0.9703
    epoch 9/10  acc=0.9693
    epoch 10/10  acc=0.9719
  → acc=0.9719
  T=4.0
    epoch 1/10  acc=0.9144
    epoch 2/10  acc=0.9370
    epoch 3/10  acc=0.9509
    epoch 4/10  acc=0.9582
    epoch 5/10  acc=0.9625
    epoch 6/10  acc=0.9667
    epoch 7/10  acc=0.9681
    epoch 8/10  acc=0.9700
    epoch 9/10  acc=0.9711
    epoch 10/10  acc=0.9720
  → acc=0.9720
  T=5.0
    epoch 1/10  acc=0.9108
    epoch 2/10  acc=0.9340
    epoch 3/10  acc=0.9475
    epoch 4/10  acc=0.9551
    epoch 5/10  acc=0.9611
    epoch 6/10  acc=0.9656
    epoch 7/10  acc=0.9677
    epoch 8/10  acc=0.9710
    epoch 9/10  acc=0.9716
    epoch 10/10  acc=0.9716
  → acc=0.9716
  T=7.0
    epoch 1/10  acc=0.9068
    epoch 2/10  acc=0.9347
    epoch 3/10  acc=0.9494
    epoch 4/10  acc=0.9562
    epoch 5/10  acc=0.9625
    epoch 6/10  acc=0.9655
    epoch 7/10  acc=0.9679
    epoch 8/10  acc=0.9693
    epoch 9/10  acc=0.9710
    epoch 10/10  acc=0.9712
  → acc=0.9712
  T=10.0
    epoch 1/10  acc=0.8933
    epoch 2/10  acc=0.9211
    epoch 3/10  acc=0.9415
    epoch 4/10  acc=0.9492
    epoch 5/10  acc=0.9555
    epoch 6/10  acc=0.9585
    epoch 7/10  acc=0.9606
    epoch 8/10  acc=0.9619
    epoch 9/10  acc=0.9644
    epoch 10/10  acc=0.9663
  → acc=0.9663

-- Alpha sweep (T=3.0) --
  alpha=0.1
    epoch 1/10  acc=0.9232
    epoch 2/10  acc=0.9406
    epoch 3/10  acc=0.9494
    epoch 4/10  acc=0.9579
    epoch 5/10  acc=0.9598
    epoch 6/10  acc=0.9645
    epoch 7/10  acc=0.9672
    epoch 8/10  acc=0.9695
    epoch 9/10  acc=0.9713
    epoch 10/10  acc=0.9722
  → acc=0.9722
  alpha=0.2
    epoch 1/10  acc=0.9193
    epoch 2/10  acc=0.9416
    epoch 3/10  acc=0.9537
    epoch 4/10  acc=0.9603
    epoch 5/10  acc=0.9656
    epoch 6/10  acc=0.9690
    epoch 7/10  acc=0.9681
    epoch 8/10  acc=0.9713
    epoch 9/10  acc=0.9726
    epoch 10/10  acc=0.9725
  → acc=0.9725
  alpha=0.3
    epoch 1/10  acc=0.9194
    epoch 2/10  acc=0.9380
    epoch 3/10  acc=0.9514
    epoch 4/10  acc=0.9587
    epoch 5/10  acc=0.9630
    epoch 6/10  acc=0.9673
    epoch 7/10  acc=0.9674
    epoch 8/10  acc=0.9677
    epoch 9/10  acc=0.9716
    epoch 10/10  acc=0.9709
  → acc=0.9709
  alpha=0.5
    epoch 1/10  acc=0.9168
    epoch 2/10  acc=0.9363
    epoch 3/10  acc=0.9487
    epoch 4/10  acc=0.9568
    epoch 5/10  acc=0.9625
    epoch 6/10  acc=0.9672
    epoch 7/10  acc=0.9690
    epoch 8/10  acc=0.9708
    epoch 9/10  acc=0.9723
    epoch 10/10  acc=0.9721
  → acc=0.9721
  alpha=0.7
    epoch 1/10  acc=0.9178
    epoch 2/10  acc=0.9375
    epoch 3/10  acc=0.9495
    epoch 4/10  acc=0.9572
    epoch 5/10  acc=0.9634
    epoch 6/10  acc=0.9654
    epoch 7/10  acc=0.9681
    epoch 8/10  acc=0.9692
    epoch 9/10  acc=0.9707
    epoch 10/10  acc=0.9725
  → acc=0.9725
  alpha=0.8
    epoch 1/10  acc=0.9213
    epoch 2/10  acc=0.9405
    epoch 3/10  acc=0.9541
    epoch 4/10  acc=0.9620
    epoch 5/10  acc=0.9650
    epoch 6/10  acc=0.9679
    epoch 7/10  acc=0.9701
    epoch 8/10  acc=0.9714
    epoch 9/10  acc=0.9727
    epoch 10/10  acc=0.9740
  → acc=0.9740
  alpha=0.9
    epoch 1/10  acc=0.9162
    epoch 2/10  acc=0.9381
    epoch 3/10  acc=0.9527
    epoch 4/10  acc=0.9578
    epoch 5/10  acc=0.9636
    epoch 6/10  acc=0.9669
    epoch 7/10  acc=0.9697
    epoch 8/10  acc=0.9692
    epoch 9/10  acc=0.9709
    epoch 10/10  acc=0.9719
  → acc=0.9719
  Saved visualizations/hparam_[1024_512_256]_[64].png
End time: Fri Feb 20 21:33:45 EST 2026
