Job ID:     9516064
Node:       node3200
GPU:        0
Start time: Sat Feb 21 14:15:30 EST 2026
=== Training teacher (strong model) ===
  [Standard] Epoch  1 | loss 0.2609 | train_acc 0.9234 | test_acc 0.9635
  [Standard] Epoch  2 | loss 0.0940 | train_acc 0.9715 | test_acc 0.9704
  [Standard] Epoch  3 | loss 0.0619 | train_acc 0.9805 | test_acc 0.9772
  [Standard] Epoch  4 | loss 0.0427 | train_acc 0.9860 | test_acc 0.9769
  [Standard] Epoch  5 | loss 0.0348 | train_acc 0.9885 | test_acc 0.9751
  [Standard] Epoch  6 | loss 0.0255 | train_acc 0.9921 | test_acc 0.9787
  [Standard] Epoch  7 | loss 0.0216 | train_acc 0.9927 | test_acc 0.9758
  [Standard] Epoch  8 | loss 0.0178 | train_acc 0.9940 | test_acc 0.9801
  [Standard] Epoch  9 | loss 0.0147 | train_acc 0.9952 | test_acc 0.9779
  [Standard] Epoch 10 | loss 0.0127 | train_acc 0.9957 | test_acc 0.9809
  Teacher test acc: 0.9809

=== Training student from scratch (baseline) ===
  [Standard] Epoch  1 | loss 0.3836 | train_acc 0.8916 | test_acc 0.9424
  [Standard] Epoch  2 | loss 0.1539 | train_acc 0.9541 | test_acc 0.9643
  [Standard] Epoch  3 | loss 0.1050 | train_acc 0.9682 | test_acc 0.9694
  [Standard] Epoch  4 | loss 0.0772 | train_acc 0.9767 | test_acc 0.9741
  [Standard] Epoch  5 | loss 0.0603 | train_acc 0.9818 | test_acc 0.9762
  [Standard] Epoch  6 | loss 0.0488 | train_acc 0.9850 | test_acc 0.9747
  [Standard] Epoch  7 | loss 0.0423 | train_acc 0.9866 | test_acc 0.9756
  [Standard] Epoch  8 | loss 0.0354 | train_acc 0.9886 | test_acc 0.9762
  [Standard] Epoch  9 | loss 0.0275 | train_acc 0.9916 | test_acc 0.9777
  [Standard] Epoch 10 | loss 0.0232 | train_acc 0.9927 | test_acc 0.9761
  Student (baseline) test acc: 0.9761

=== Distilling  T=1  alpha=0.1 ===
  [T=1] Epoch  1 | loss 0.3759 | train_acc 0.8918 | test_acc 0.9411
  [T=1] Epoch  2 | loss 0.1437 | train_acc 0.9551 | test_acc 0.9640
  [T=1] Epoch  3 | loss 0.0960 | train_acc 0.9691 | test_acc 0.9699
  [T=1] Epoch  4 | loss 0.0698 | train_acc 0.9768 | test_acc 0.9719
  [T=1] Epoch  5 | loss 0.0532 | train_acc 0.9819 | test_acc 0.9742
  [T=1] Epoch  6 | loss 0.0434 | train_acc 0.9849 | test_acc 0.9740
  [T=1] Epoch  7 | loss 0.0361 | train_acc 0.9871 | test_acc 0.9748
  [T=1] Epoch  8 | loss 0.0311 | train_acc 0.9882 | test_acc 0.9773
  [T=1] Epoch  9 | loss 0.0231 | train_acc 0.9912 | test_acc 0.9774
  [T=1] Epoch 10 | loss 0.0215 | train_acc 0.9913 | test_acc 0.9763

=== Distilling  T=2  alpha=0.1 ===
  [T=2] Epoch  1 | loss 1.5185 | train_acc 0.8798 | test_acc 0.9335
  [T=2] Epoch  2 | loss 0.5477 | train_acc 0.9496 | test_acc 0.9585
  [T=2] Epoch  3 | loss 0.3476 | train_acc 0.9655 | test_acc 0.9649
  [T=2] Epoch  4 | loss 0.2402 | train_acc 0.9746 | test_acc 0.9713
  [T=2] Epoch  5 | loss 0.1796 | train_acc 0.9799 | test_acc 0.9747
  [T=2] Epoch  6 | loss 0.1433 | train_acc 0.9830 | test_acc 0.9731
  [T=2] Epoch  7 | loss 0.1135 | train_acc 0.9863 | test_acc 0.9768
  [T=2] Epoch  8 | loss 0.0935 | train_acc 0.9883 | test_acc 0.9779
  [T=2] Epoch  9 | loss 0.0768 | train_acc 0.9904 | test_acc 0.9801
  [T=2] Epoch 10 | loss 0.0660 | train_acc 0.9918 | test_acc 0.9764

=== Distilling  T=3  alpha=0.1 ===
  [T=3] Epoch  1 | loss 3.3388 | train_acc 0.8725 | test_acc 0.9304
  [T=3] Epoch  2 | loss 1.1037 | train_acc 0.9459 | test_acc 0.9562
  [T=3] Epoch  3 | loss 0.6611 | train_acc 0.9641 | test_acc 0.9662
  [T=3] Epoch  4 | loss 0.4434 | train_acc 0.9733 | test_acc 0.9732
  [T=3] Epoch  5 | loss 0.3295 | train_acc 0.9788 | test_acc 0.9757
  [T=3] Epoch  6 | loss 0.2612 | train_acc 0.9826 | test_acc 0.9764
  [T=3] Epoch  7 | loss 0.2088 | train_acc 0.9860 | test_acc 0.9776
  [T=3] Epoch  8 | loss 0.1758 | train_acc 0.9878 | test_acc 0.9782
  [T=3] Epoch  9 | loss 0.1518 | train_acc 0.9895 | test_acc 0.9808
  [T=3] Epoch 10 | loss 0.1310 | train_acc 0.9913 | test_acc 0.9783

=== Distilling  T=4  alpha=0.1 ===
  [T=4] Epoch  1 | loss 5.5226 | train_acc 0.8667 | test_acc 0.9292
  [T=4] Epoch  2 | loss 1.6496 | train_acc 0.9457 | test_acc 0.9565
  [T=4] Epoch  3 | loss 0.9175 | train_acc 0.9649 | test_acc 0.9658
  [T=4] Epoch  4 | loss 0.5995 | train_acc 0.9744 | test_acc 0.9733
  [T=4] Epoch  5 | loss 0.4407 | train_acc 0.9798 | test_acc 0.9759
  [T=4] Epoch  6 | loss 0.3492 | train_acc 0.9839 | test_acc 0.9775
  [T=4] Epoch  7 | loss 0.2894 | train_acc 0.9860 | test_acc 0.9781
  [T=4] Epoch  8 | loss 0.2494 | train_acc 0.9879 | test_acc 0.9793
  [T=4] Epoch  9 | loss 0.2173 | train_acc 0.9893 | test_acc 0.9794
  [T=4] Epoch 10 | loss 0.1932 | train_acc 0.9903 | test_acc 0.9790

=== Distilling  T=5  alpha=0.1 ===
  [T=5] Epoch  1 | loss 7.7244 | train_acc 0.8622 | test_acc 0.9313
  [T=5] Epoch  2 | loss 2.0593 | train_acc 0.9474 | test_acc 0.9606
  [T=5] Epoch  3 | loss 1.1003 | train_acc 0.9666 | test_acc 0.9689
  [T=5] Epoch  4 | loss 0.7325 | train_acc 0.9751 | test_acc 0.9736
  [T=5] Epoch  5 | loss 0.5466 | train_acc 0.9805 | test_acc 0.9760
  [T=5] Epoch  6 | loss 0.4397 | train_acc 0.9836 | test_acc 0.9779
  [T=5] Epoch  7 | loss 0.3688 | train_acc 0.9860 | test_acc 0.9778
  [T=5] Epoch  8 | loss 0.3243 | train_acc 0.9878 | test_acc 0.9791
  [T=5] Epoch  9 | loss 0.2879 | train_acc 0.9888 | test_acc 0.9790
  [T=5] Epoch 10 | loss 0.2591 | train_acc 0.9902 | test_acc 0.9792

=== Distilling  T=6  alpha=0.1 ===
  [T=6] Epoch  1 | loss 9.7323 | train_acc 0.8580 | test_acc 0.9306
  [T=6] Epoch  2 | loss 2.4672 | train_acc 0.9464 | test_acc 0.9588
  [T=6] Epoch  3 | loss 1.3167 | train_acc 0.9664 | test_acc 0.9682
  [T=6] Epoch  4 | loss 0.8749 | train_acc 0.9742 | test_acc 0.9725
  [T=6] Epoch  5 | loss 0.6580 | train_acc 0.9796 | test_acc 0.9757
  [T=6] Epoch  6 | loss 0.5339 | train_acc 0.9826 | test_acc 0.9776
  [T=6] Epoch  7 | loss 0.4538 | train_acc 0.9853 | test_acc 0.9780
  [T=6] Epoch  8 | loss 0.4042 | train_acc 0.9866 | test_acc 0.9785
  [T=6] Epoch  9 | loss 0.3560 | train_acc 0.9883 | test_acc 0.9796
  [T=6] Epoch 10 | loss 0.3243 | train_acc 0.9895 | test_acc 0.9791

=== Distilling  T=7  alpha=0.1 ===
  [T=7] Epoch  1 | loss 11.3493 | train_acc 0.8542 | test_acc 0.9302
  [T=7] Epoch  2 | loss 2.7813 | train_acc 0.9455 | test_acc 0.9584
  [T=7] Epoch  3 | loss 1.4681 | train_acc 0.9654 | test_acc 0.9688
  [T=7] Epoch  4 | loss 0.9733 | train_acc 0.9745 | test_acc 0.9723
  [T=7] Epoch  5 | loss 0.7349 | train_acc 0.9798 | test_acc 0.9764
  [T=7] Epoch  6 | loss 0.6040 | train_acc 0.9826 | test_acc 0.9768
  [T=7] Epoch  7 | loss 0.5179 | train_acc 0.9847 | test_acc 0.9784
  [T=7] Epoch  8 | loss 0.4650 | train_acc 0.9860 | test_acc 0.9791
  [T=7] Epoch  9 | loss 0.4116 | train_acc 0.9876 | test_acc 0.9801
  [T=7] Epoch 10 | loss 0.3769 | train_acc 0.9889 | test_acc 0.9796

=== Distilling  T=8  alpha=0.1 ===
  [T=8] Epoch  1 | loss 12.6241 | train_acc 0.8490 | test_acc 0.9294
  [T=8] Epoch  2 | loss 3.0033 | train_acc 0.9454 | test_acc 0.9590
  [T=8] Epoch  3 | loss 1.5876 | train_acc 0.9657 | test_acc 0.9689
  [T=8] Epoch  4 | loss 1.0556 | train_acc 0.9745 | test_acc 0.9736
  [T=8] Epoch  5 | loss 0.8074 | train_acc 0.9796 | test_acc 0.9766
  [T=8] Epoch  6 | loss 0.6692 | train_acc 0.9828 | test_acc 0.9768
  [T=8] Epoch  7 | loss 0.5710 | train_acc 0.9844 | test_acc 0.9791
  [T=8] Epoch  8 | loss 0.5156 | train_acc 0.9861 | test_acc 0.9787
  [T=8] Epoch  9 | loss 0.4589 | train_acc 0.9878 | test_acc 0.9797
  [T=8] Epoch 10 | loss 0.4250 | train_acc 0.9888 | test_acc 0.9801

=== Distilling  T=9  alpha=0.1 ===
  [T=9] Epoch  1 | loss 13.5145 | train_acc 0.8465 | test_acc 0.9296
  [T=9] Epoch  2 | loss 3.1417 | train_acc 0.9448 | test_acc 0.9583
  [T=9] Epoch  3 | loss 1.6827 | train_acc 0.9653 | test_acc 0.9698
  [T=9] Epoch  4 | loss 1.1287 | train_acc 0.9744 | test_acc 0.9731
  [T=9] Epoch  5 | loss 0.8641 | train_acc 0.9795 | test_acc 0.9762
  [T=9] Epoch  6 | loss 0.7129 | train_acc 0.9826 | test_acc 0.9767
  [T=9] Epoch  7 | loss 0.6105 | train_acc 0.9848 | test_acc 0.9782
  [T=9] Epoch  8 | loss 0.5504 | train_acc 0.9862 | test_acc 0.9777
  [T=9] Epoch  9 | loss 0.4920 | train_acc 0.9872 | test_acc 0.9790
  [T=9] Epoch 10 | loss 0.4581 | train_acc 0.9885 | test_acc 0.9786

=== Distilling  T=10  alpha=0.1 ===
  [T=10] Epoch  1 | loss 14.1397 | train_acc 0.8435 | test_acc 0.9301
  [T=10] Epoch  2 | loss 3.2071 | train_acc 0.9453 | test_acc 0.9597
  [T=10] Epoch  3 | loss 1.7379 | train_acc 0.9651 | test_acc 0.9694
  [T=10] Epoch  4 | loss 1.1797 | train_acc 0.9746 | test_acc 0.9723
  [T=10] Epoch  5 | loss 0.9087 | train_acc 0.9797 | test_acc 0.9753
  [T=10] Epoch  6 | loss 0.7556 | train_acc 0.9827 | test_acc 0.9759
  [T=10] Epoch  7 | loss 0.6569 | train_acc 0.9845 | test_acc 0.9769
  [T=10] Epoch  8 | loss 0.5917 | train_acc 0.9860 | test_acc 0.9776
  [T=10] Epoch  9 | loss 0.5332 | train_acc 0.9870 | test_acc 0.9777
  [T=10] Epoch 10 | loss 0.4940 | train_acc 0.9882 | test_acc 0.9785

=== Saved results to temperature_sweep.csv ===
  Teacher          [512, 512]: 0.9809
  Student baseline [128, 128]:   0.9761
  Student distilled T=1 :          0.9763
  Student distilled T=2 :          0.9764
  Student distilled T=3 :          0.9783
  Student distilled T=4 :          0.9790
  Student distilled T=5 :          0.9792
  Student distilled T=6 :          0.9791
  Student distilled T=7 :          0.9796
  Student distilled T=8 :          0.9801
  Student distilled T=9 :          0.9786
  Student distilled T=10:          0.9785
End time: Sat Feb 21 14:23:45 EST 2026
